/Users/davidkypuros/Documents/Git_Offline/active/90.open-ai-experiments_BOOKMARK/94_tmforum_google_verizon/geometric-network-healing/.venv/lib/python3.12/site-packages/torch/jit/_script.py:1491: FutureWarning: `torch.jit.script` is deprecated. Please switch to `torch.compile` or `torch.export`.
  warnings.warn(
backend: {"torch": "2.14.1", "cuda_available": false, "device": "cpu", "torch_geometric": "2.8.0.post1", "cugraph_pyg": null, "pylibwholegraph": null, "cudf": null}
twin: 74 nodes, 130 directed edges, 260 message-passing edges incl. transposes
{'cell': 36, 'gnb': 12, 'router': 8, 'link': 8, 'service': 6, 'upf': 2, 'amf': 1, 'smf': 1}
episodes: train 120  test 40  nominal calibration 8
epoch   0  forecast 0.1910  degradation 0.0594  rca 0.4173
epoch   5  forecast 0.1037  degradation 0.0076  rca 0.1573
epoch  10  forecast 0.1020  degradation 0.0061  rca 0.0319
epoch  15  forecast 0.1008  degradation 0.0054  rca 0.0124
epoch  20  forecast 0.1007  degradation 0.0054  rca 0.0378
epoch  25  forecast 0.0999  degradation 0.0047  rca 0.0107
epoch  29  forecast 0.0986  degradation 0.0035  rca 0.0001
calibrated on 8 nominal episodes: GNN theta = 1.139, service z = 4.14, per-node z = 7.95 (same margin, zero false alarms on calibration)
# Results

Twin: 74 nodes, 130 edges. Fault episodes: 32, nominal: 8. Runtime 643.8 s.

| metric | value |
|---|---|
| detection rate, GNN | 1.00 |
| detection rate, static threshold | 1.00 |
| detection rate, service-layer z-score (calibrated z=4.1 / textbook z=3) | 0.00 / 0.31 |
| detection rate, per-node z-score (calibrated z=8.0 / textbook z=3) | 0.00 / 1.00 |
| false alarms on 8 nominal episodes: GNN / threshold / service z cal. / service z=3 / node z cal. / node z=3 | 0 / 0 / 0 / 4 / 0 / 8 |
| pre-onset false alarms on 32 fault episodes: same order | 0 / 0 / 0 / 3 / 0 / 30 |
| mean detection delay after onset (steps): GNN / static threshold | 22.9 / 32.6 |
| mean detection delay after onset (steps): service z cal. / service z=3 / node z cal. / node z=3 | nan / 56.2 / nan / 9.6 |
| mean lead time of GNN vs static threshold (steps, where it fired) | 9.8 |
| mean lead time of GNN vs service z (calibrated / z=3) | nan / 32.0 |
| mean lead time of GNN vs per-node z (calibrated / z=3) | nan / -13.3 |
| healed within 3 verify-and-re-trigger cycles | 1.00 |
| mean healing cycles | 1.00 |
| root cause hit@1 | 1.00 |
| root cause hit@3 | 1.00 |
| degraded nodes at static-alarm time (war-room set, mean) | 13.9 |
| triage reduction @3 (share of the war-room set a top-3 RCA list skips) | 0.35 |
| revenue-weighted exposure, GNN-timed healing | 328.3 |
| revenue-weighted exposure, threshold-timed healing | 573.1 |

## By fault type

| fault | n | delay GNN | delay thr | delay service z=3 | hit@1 | hit@3 |
|---|---|---|---|---|---|---|
| amf_signaling_storm | 7 | 27.9 | 45.0 | 46.5 | 1.00 | 1.00 |
| fiber_degrade | 7 | 22.7 | 28.6 | 112.0 | 1.00 | 1.00 |
| router_congestion | 7 | 22.3 | 32.3 | 6.0 | 1.00 | 1.00 |
| sleeping_cell | 8 | 18.5 | 25.4 | 100.0 | 1.00 | 1.00 |
| upf_overload | 3 | 24.7 | 33.3 | 65.0 | 1.00 | 1.00 |

sample intent: {
 "id": "healing-0",
 "@type": "Intent",
 "name": "business-aware-healing",
 "expression": {
  "@type": "IntentExpression",
  "targets": [
   {
    "target": "node:35",
    "domain": "RAN",
    "action": "cell_reset_and_reparameterize",
    "priority": 1,
    "revenueAtRisk": 0.799,
    "resourceUnits": 1
   },
   {
    "target": "node:8",
    "domain": "Core",
    "action": "throttle_and_scale_signaling",
    "priority": 2,
    "revenueAtRisk": 1.274,
    "resourceUnits": 5
   }
  ],
  "expectation": "restore service KPIs to nominal in revenue-priority order"
 },
 "extensions": {
  "BIEM": {
   "ordering": "revenue_at_risk/resource_units",
   "budget_applied": true
  }
 }
}
